git add command.txt
git commit -m <message>
git diff command.txt
git status
git diff command.txt
git log -pretty=oneline
HEAD指向的版本就是当前版本，因此，Git允许我们在版本的历史之间穿梭，使用命令
git reset --hard commit_id。
$ git reset --hard 1094a
$ git reset --hard hard^
$ git reset --hard hard~100
穿梭前，用git log可以查看提交历史，以便确定要回退到哪个版本。
要重返未来，用git reflog查看命令历史，以便确定要回到未来的哪个版本。

命令git checkout -- readme.txt意思就是，把readme.txt文件在工作区的修改全部撤销，这里有两种情况：
一种是readme.txt自修改后还没有被放到暂存区，现在，撤销修改就回到和版本库一模一样的状态；
一种是readme.txt已经添加到暂存区后，又作了修改，现在，撤销修改就回到添加到暂存区后的状态。
总之，就是让这个文件回到最近一次git commit或git add时的状态。
还记得如何丢弃工作区的修改吗？

$ git checkout -- readme.txt

$ git status
On branch master
nothing to commit, working tree clean
git reset命令既可以回退版本，也可以把暂存区的修改回退到工作区。当我们用HEAD时，表示最新的版本。
rm test.txt
git rm test.txt
删除以后，还得git commit
误删可以试用git checkout，其实是用版本库里的版本替换工作区的版本，无论工作区是修改还是删除，都可以“一键还原”。
命令git rm用于删除一个文件。如果一个文件已经被提交到版本库，那么你永远不用担心误删，但是要小心，你只能恢复文件到最新版本，你会丢失最近一次提交后你修改的内容。
要关联一个远程库，使用命令git remote add origin git@server-name:path/repo-name.git；

关联一个远程库时必须给远程库指定一个名字，origin是默认习惯命名；

关联后，使用命令git push -u origin master第一次推送master分支的所有内容；
此后，每次本地提交后，只要有必要，就可以使用命令git push origin master推送最新修改；
分布式版本系统的最大好处之一是在本地工作完全不需要考虑远程库的存在，也就是有没有联网都可以正常工作，
而SVN在没有联网的时候是拒绝干活的！当有网络的时候，再把本地提交推送一下就完成了同步，真是太方便了
